{"type":"server-started","port":55575,"host":"127.0.0.1","url_host":"localhost","url":"http://localhost:55575","screen_dir":"/Users/alejandrorodriguez/Desktop/Brain-Strom/neptumstudio/.superpowers/brainstorm/65850-1780513090/content","state_dir":"/Users/alejandrorodriguez/Desktop/Brain-Strom/neptumstudio/.superpowers/brainstorm/65850-1780513090/state"}
{"type":"screen-added","file":"/Users/alejandrorodriguez/Desktop/Brain-Strom/neptumstudio/.superpowers/brainstorm/65850-1780513090/content/direccion-visual.html"}
{"type":"screen-updated","file":"/Users/alejandrorodriguez/Desktop/Brain-Strom/neptumstudio/.superpowers/brainstorm/65850-1780513090/content/direccion-visual.html"}
{"type":"screen-updated","file":"/Users/alejandrorodriguez/Desktop/Brain-Strom/neptumstudio/.superpowers/brainstorm/65850-1780513090/content/direccion-visual.html"}
{"type":"screen-updated","file":"/Users/alejandrorodriguez/Desktop/Brain-Strom/neptumstudio/.superpowers/brainstorm/65850-1780513090/content/direccion-visual.html"}
{"source":"user-event","type":"click","text":"B\n        Neutral Studio\n      \n      App moderna\n    \n\n    \n      🌙 Dark mode\n      ☀️ Light mode\n    \n\n    \n      \n      \n        \n          \n            \n            neptumstudio\n          \n          \n          \n            Inicio\n            Proyectos\n            Pipeline\n            Balance\n          \n          A\n        \n        \n          Ingresos$4.2M\n          Pipeline8\n          Proyectos5\n          Tendencia\n          IG312\n        \n      \n      \n      \n        \n          \n            \n            neptumstudio\n          \n          \n          \n            Inicio\n            Proyectos\n            Pipeline\n            Balance\n          \n          A\n        \n        \n          Ingresos$4.2M\n          Pipeline8\n          Proyectos5\n          Tendencia\n          IG312\n        \n      \n    \n\n    \n      Estilo app moderna tipo Linear / Notion\n      Dark: gris oscuro #1C1C1E (estilo macOS). Light: blanco puro + encabezados de color según horario. Accent rojo #E63B2E en pills activas. Más \"aplicación\" y menos \"marca\".\n      Maxima legibilidad","choice":"b","id":null,"timestamp":1780513255828}
{"source":"user-event","type":"click","text":"A\n        Neptum Canvas\n      \n      ⭐ Recomendado\n    \n\n    \n      🌙 Dark mode\n      ☀️ Light mode\n    \n\n    \n      \n      \n        \n          \n            \n            neptumstudio\n          \n          \n          \n            Inicio\n            Proyectos\n            Pipeline\n            Balance\n          \n          A\n        \n        \n          Ingresos$4.2M\n          Pipeline8\n          Proyectos5\n          Tendencia\n          IG312\n        \n      \n      \n      \n        \n          \n            \n            neptumstudio\n          \n          \n          \n            Inicio\n            Proyectos\n            Pipeline\n            Balance\n          \n          A\n        \n        \n          Ingresos$4.2M\n          Pipeline8\n          Proyectos5\n          Tendencia\n          IG312\n        \n      \n    \n\n    \n      Identidad coherente con neptumstudio.com\n      Dark: navy deep #0D1B2A + cards navy mid #1B2B45. Light: cream #F6F4F0 + cards blancas. El tridente SVG reemplaza el texto del logo. Cormorant Garamond en los números grandes. Header time-based sobre cualquier modo.\n      100% coherente con el sitio","choice":"a","id":null,"timestamp":1780513386513}
{"type":"screen-added","file":"/Users/alejandrorodriguez/Desktop/Brain-Strom/neptumstudio/.superpowers/brainstorm/65850-1780513090/content/header-horario.html"}
{"type":"screen-updated","file":"/Users/alejandrorodriguez/Desktop/Brain-Strom/neptumstudio/.superpowers/brainstorm/65850-1780513090/content/header-horario.html"}
{"type":"screen-updated","file":"/Users/alejandrorodriguez/Desktop/Brain-Strom/neptumstudio/.superpowers/brainstorm/65850-1780513090/content/header-horario.html"}
{"type":"screen-updated","file":"/Users/alejandrorodriguez/Desktop/Brain-Strom/neptumstudio/.superpowers/brainstorm/65850-1780513090/content/header-horario.html"}
{"type":"screen-added","file":"/Users/alejandrorodriguez/Desktop/Brain-Strom/neptumstudio/.superpowers/brainstorm/65850-1780513090/content/loader-opciones.html"}
{"type":"screen-updated","file":"/Users/alejandrorodriguez/Desktop/Brain-Strom/neptumstudio/.superpowers/brainstorm/65850-1780513090/content/loader-opciones.html"}
{"type":"screen-updated","file":"/Users/alejandrorodriguez/Desktop/Brain-Strom/neptumstudio/.superpowers/brainstorm/65850-1780513090/content/loader-opciones.html"}
{"type":"screen-updated","file":"/Users/alejandrorodriguez/Desktop/Brain-Strom/neptumstudio/.superpowers/brainstorm/65850-1780513090/content/loader-opciones.html"}
{"type":"screen-added","file":"/Users/alejandrorodriguez/Desktop/Brain-Strom/neptumstudio/.superpowers/brainstorm/65850-1780513090/content/waiting.html"}
{"type":"screen-updated","file":"/Users/alejandrorodriguez/Desktop/Brain-Strom/neptumstudio/.superpowers/brainstorm/65850-1780513090/content/waiting.html"}
{"type":"screen-updated","file":"/Users/alejandrorodriguez/Desktop/Brain-Strom/neptumstudio/.superpowers/brainstorm/65850-1780513090/content/waiting.html"}
{"type":"screen-updated","file":"/Users/alejandrorodriguez/Desktop/Brain-Strom/neptumstudio/.superpowers/brainstorm/65850-1780513090/content/waiting.html"}
{"type":"server-stopped","reason":"idle timeout"}
